[0.016s] Invoking command in '/home/ali/Desktop/Ali engineering/GUC/Semester 10/Robotics/Robotics_project/build/mujoco_ros2': CMAKE_PREFIX_PATH=${CMAKE_PREFIX_PATH}:/opt/ros/humble /usr/bin/cmake /home/ali/Desktop/Ali engineering/GUC/Semester 10/Robotics/Robotics_project/src/mujoco_ros2 -DCMAKE_INSTALL_PREFIX=/home/ali/Desktop/Ali engineering/GUC/Semester 10/Robotics/Robotics_project/install/mujoco_ros2
[0.136s] -- The C compiler identification is GNU 11.4.0
[0.262s] -- The CXX compiler identification is GNU 11.4.0
[0.273s] -- Detecting C compiler ABI info
[0.390s] -- Detecting C compiler ABI info - done
[0.406s] -- Check for working C compiler: /usr/bin/cc - skipped
[0.407s] -- Detecting C compile features
[0.408s] -- Detecting C compile features - done
[0.415s] -- Detecting CXX compiler ABI info
[0.566s] -- Detecting CXX compiler ABI info - done
[0.582s] -- Check for working CXX compiler: /usr/bin/c++ - skipped
[0.582s] -- Detecting CXX compile features
[0.584s] -- Detecting CXX compile features - done
[0.587s] -- Found ament_cmake: 1.3.12 (/opt/ros/humble/share/ament_cmake/cmake)
[1.147s] -- Found Python3: /usr/bin/python3 (found version "3.10.12") found components: Interpreter 
[1.363s] -- Found rclcpp: 16.0.16 (/opt/ros/humble/share/rclcpp/cmake)
[1.413s] -- Found rosidl_generator_c: 3.1.7 (/opt/ros/humble/share/rosidl_generator_c/cmake)
[1.418s] -- Found rosidl_adapter: 3.1.7 (/opt/ros/humble/share/rosidl_adapter/cmake)
[1.433s] -- Found rosidl_generator_cpp: 3.1.7 (/opt/ros/humble/share/rosidl_generator_cpp/cmake)
[1.446s] -- Using all available rosidl_typesupport_c: rosidl_typesupport_fastrtps_c;rosidl_typesupport_introspection_c
[1.462s] -- Using all available rosidl_typesupport_cpp: rosidl_typesupport_fastrtps_cpp;rosidl_typesupport_introspection_cpp
[1.505s] -- Found rmw_implementation_cmake: 6.1.2 (/opt/ros/humble/share/rmw_implementation_cmake/cmake)
[1.508s] -- Found rmw_fastrtps_cpp: 6.2.9 (/opt/ros/humble/share/rmw_fastrtps_cpp/cmake)
[1.613s] -- Found OpenSSL: /usr/lib/x86_64-linux-gnu/libcrypto.so (found version "3.0.2")  
[1.661s] -- Found FastRTPS: /opt/ros/humble/include  
[1.708s] -- Using RMW implementation 'rmw_fastrtps_cpp' as default
[1.716s] -- Looking for pthread.h
[1.843s] -- Looking for pthread.h - found
[1.843s] -- Performing Test CMAKE_HAVE_LIBC_PTHREAD
[1.966s] -- Performing Test CMAKE_HAVE_LIBC_PTHREAD - Success
[1.968s] -- Found Threads: TRUE  
[2.032s] -- Found sensor_msgs: 4.9.0 (/opt/ros/humble/share/sensor_msgs/cmake)
[2.066s] -- Using MuJoCo from: /usr/local/mujoco-3.2.0
[2.258s] -- Configuring done
[2.269s] -- Generating done
[2.273s] -- Build files have been written to: /home/ali/Desktop/Ali engineering/GUC/Semester 10/Robotics/Robotics_project/build/mujoco_ros2
[2.287s] Invoked command in '/home/ali/Desktop/Ali engineering/GUC/Semester 10/Robotics/Robotics_project/build/mujoco_ros2' returned '0': CMAKE_PREFIX_PATH=${CMAKE_PREFIX_PATH}:/opt/ros/humble /usr/bin/cmake /home/ali/Desktop/Ali engineering/GUC/Semester 10/Robotics/Robotics_project/src/mujoco_ros2 -DCMAKE_INSTALL_PREFIX=/home/ali/Desktop/Ali engineering/GUC/Semester 10/Robotics/Robotics_project/install/mujoco_ros2
[2.288s] Invoking command in '/home/ali/Desktop/Ali engineering/GUC/Semester 10/Robotics/Robotics_project/build/mujoco_ros2': CMAKE_PREFIX_PATH=${CMAKE_PREFIX_PATH}:/opt/ros/humble /usr/bin/cmake --build /home/ali/Desktop/Ali engineering/GUC/Semester 10/Robotics/Robotics_project/build/mujoco_ros2 -- -j12 -l12
[2.382s] [ 33%] [32mBuilding CXX object CMakeFiles/mujoco_node.dir/src/mujoco_ros.cpp.o[0m
[2.382s] [ 66%] [32mBuilding CXX object CMakeFiles/mujoco_node.dir/src/nodes/mujoco_node.cpp.o[0m
[2.401s] [ 66%] Built target ament_cmake_python_copy_mujoco_ros2
[2.798s] running egg_info
[2.799s] creating mujoco_ros2.egg-info
[2.799s] writing mujoco_ros2.egg-info/PKG-INFO
[2.800s] writing dependency_links to mujoco_ros2.egg-info/dependency_links.txt
[2.800s] writing top-level names to mujoco_ros2.egg-info/top_level.txt
[2.800s] writing manifest file 'mujoco_ros2.egg-info/SOURCES.txt'
[2.803s] reading manifest file 'mujoco_ros2.egg-info/SOURCES.txt'
[2.803s] writing manifest file 'mujoco_ros2.egg-info/SOURCES.txt'
[2.856s] [ 66%] Built target ament_cmake_python_build_mujoco_ros2_egg
[12.939s] [100%] [32m[1mLinking CXX executable mujoco_node[0m
[13.499s] [100%] Built target mujoco_node
[13.517s] Invoked command in '/home/ali/Desktop/Ali engineering/GUC/Semester 10/Robotics/Robotics_project/build/mujoco_ros2' returned '0': CMAKE_PREFIX_PATH=${CMAKE_PREFIX_PATH}:/opt/ros/humble /usr/bin/cmake --build /home/ali/Desktop/Ali engineering/GUC/Semester 10/Robotics/Robotics_project/build/mujoco_ros2 -- -j12 -l12
[13.533s] Invoking command in '/home/ali/Desktop/Ali engineering/GUC/Semester 10/Robotics/Robotics_project/build/mujoco_ros2': CMAKE_PREFIX_PATH=${CMAKE_PREFIX_PATH}:/opt/ros/humble /usr/bin/cmake --install /home/ali/Desktop/Ali engineering/GUC/Semester 10/Robotics/Robotics_project/build/mujoco_ros2
[13.543s] -- Install configuration: ""
[13.544s] -- Installing: /home/ali/Desktop/Ali engineering/GUC/Semester 10/Robotics/Robotics_project/install/mujoco_ros2/lib/mujoco_ros2/mujoco_node
[13.547s] -- Set runtime path of "/home/ali/Desktop/Ali engineering/GUC/Semester 10/Robotics/Robotics_project/install/mujoco_ros2/lib/mujoco_ros2/mujoco_node" to ""
[13.548s] -- Installing: /home/ali/Desktop/Ali engineering/GUC/Semester 10/Robotics/Robotics_project/install/mujoco_ros2/share/mujoco_ros2/launch
[13.548s] -- Installing: /home/ali/Desktop/Ali engineering/GUC/Semester 10/Robotics/Robotics_project/install/mujoco_ros2/share/mujoco_ros2/launch/example.py
[13.548s] -- Installing: /home/ali/Desktop/Ali engineering/GUC/Semester 10/Robotics/Robotics_project/install/mujoco_ros2/share/mujoco_ros2/model
[13.548s] -- Installing: /home/ali/Desktop/Ali engineering/GUC/Semester 10/Robotics/Robotics_project/install/mujoco_ros2/share/mujoco_ros2/model/CHANGELOG.md
[13.548s] -- Installing: /home/ali/Desktop/Ali engineering/GUC/Semester 10/Robotics/Robotics_project/install/mujoco_ros2/share/mujoco_ros2/model/two_link_planar.xml
[13.549s] -- Installing: /home/ali/Desktop/Ali engineering/GUC/Semester 10/Robotics/Robotics_project/install/mujoco_ros2/share/mujoco_ros2/model/ur5e.xml
[13.549s] -- Installing: /home/ali/Desktop/Ali engineering/GUC/Semester 10/Robotics/Robotics_project/install/mujoco_ros2/share/mujoco_ros2/model/LICENSE
[13.549s] -- Installing: /home/ali/Desktop/Ali engineering/GUC/Semester 10/Robotics/Robotics_project/install/mujoco_ros2/share/mujoco_ros2/model/scene.xml
[13.549s] -- Installing: /home/ali/Desktop/Ali engineering/GUC/Semester 10/Robotics/Robotics_project/install/mujoco_ros2/share/mujoco_ros2/model/assets
[13.549s] -- Installing: /home/ali/Desktop/Ali engineering/GUC/Semester 10/Robotics/Robotics_project/install/mujoco_ros2/share/mujoco_ros2/model/assets/wrist1_0.obj
[13.549s] -- Installing: /home/ali/Desktop/Ali engineering/GUC/Semester 10/Robotics/Robotics_project/install/mujoco_ros2/share/mujoco_ros2/model/assets/wrist3.obj
[13.549s] -- Installing: /home/ali/Desktop/Ali engineering/GUC/Semester 10/Robotics/Robotics_project/install/mujoco_ros2/share/mujoco_ros2/model/assets/upperarm_0.obj
[13.549s] -- Installing: /home/ali/Desktop/Ali engineering/GUC/Semester 10/Robotics/Robotics_project/install/mujoco_ros2/share/mujoco_ros2/model/assets/shoulder_1.obj
[13.550s] -- Installing: /home/ali/Desktop/Ali engineering/GUC/Semester 10/Robotics/Robotics_project/install/mujoco_ros2/share/mujoco_ros2/model/assets/wrist2_2.obj
[13.552s] -- Installing: /home/ali/Desktop/Ali engineering/GUC/Semester 10/Robotics/Robotics_project/install/mujoco_ros2/share/mujoco_ros2/model/assets/wrist1_1.obj
[13.555s] -- Installing: /home/ali/Desktop/Ali engineering/GUC/Semester 10/Robotics/Robotics_project/install/mujoco_ros2/share/mujoco_ros2/model/assets/base_0.obj
[13.555s] -- Installing: /home/ali/Desktop/Ali engineering/GUC/Semester 10/Robotics/Robotics_project/install/mujoco_ros2/share/mujoco_ros2/model/assets/shoulder_2.obj
[13.558s] -- Installing: /home/ali/Desktop/Ali engineering/GUC/Semester 10/Robotics/Robotics_project/install/mujoco_ros2/share/mujoco_ros2/model/assets/wrist1_2.obj
[13.560s] -- Installing: /home/ali/Desktop/Ali engineering/GUC/Semester 10/Robotics/Robotics_project/install/mujoco_ros2/share/mujoco_ros2/model/assets/shoulder_0.obj
[13.563s] -- Installing: /home/ali/Desktop/Ali engineering/GUC/Semester 10/Robotics/Robotics_project/install/mujoco_ros2/share/mujoco_ros2/model/assets/forearm_1.obj
[13.563s] -- Installing: /home/ali/Desktop/Ali engineering/GUC/Semester 10/Robotics/Robotics_project/install/mujoco_ros2/share/mujoco_ros2/model/assets/forearm_2.obj
[13.564s] -- Installing: /home/ali/Desktop/Ali engineering/GUC/Semester 10/Robotics/Robotics_project/install/mujoco_ros2/share/mujoco_ros2/model/assets/forearm_3.obj
[13.565s] -- Installing: /home/ali/Desktop/Ali engineering/GUC/Semester 10/Robotics/Robotics_project/install/mujoco_ros2/share/mujoco_ros2/model/assets/forearm_0.obj
[13.567s] -- Installing: /home/ali/Desktop/Ali engineering/GUC/Semester 10/Robotics/Robotics_project/install/mujoco_ros2/share/mujoco_ros2/model/assets/wrist2_1.obj
[13.569s] -- Installing: /home/ali/Desktop/Ali engineering/GUC/Semester 10/Robotics/Robotics_project/install/mujoco_ros2/share/mujoco_ros2/model/assets/base_1.obj
[13.570s] -- Installing: /home/ali/Desktop/Ali engineering/GUC/Semester 10/Robotics/Robotics_project/install/mujoco_ros2/share/mujoco_ros2/model/assets/upperarm_3.obj
[13.575s] -- Installing: /home/ali/Desktop/Ali engineering/GUC/Semester 10/Robotics/Robotics_project/install/mujoco_ros2/share/mujoco_ros2/model/assets/upperarm_1.obj
[13.576s] -- Installing: /home/ali/Desktop/Ali engineering/GUC/Semester 10/Robotics/Robotics_project/install/mujoco_ros2/share/mujoco_ros2/model/assets/wrist2_0.obj
[13.577s] -- Installing: /home/ali/Desktop/Ali engineering/GUC/Semester 10/Robotics/Robotics_project/install/mujoco_ros2/share/mujoco_ros2/model/assets/upperarm_2.obj
[13.582s] -- Installing: /home/ali/Desktop/Ali engineering/GUC/Semester 10/Robotics/Robotics_project/install/mujoco_ros2/share/mujoco_ros2/model/ur5e.png
[13.586s] -- Installing: /home/ali/Desktop/Ali engineering/GUC/Semester 10/Robotics/Robotics_project/install/mujoco_ros2/share/mujoco_ros2/model/README.md
[13.587s] -- Installing: /home/ali/Desktop/Ali engineering/GUC/Semester 10/Robotics/Robotics_project/install/mujoco_ros2/share/mujoco_ros2/environment/pythonpath.sh
[13.587s] -- Installing: /home/ali/Desktop/Ali engineering/GUC/Semester 10/Robotics/Robotics_project/install/mujoco_ros2/share/mujoco_ros2/environment/pythonpath.dsv
[13.588s] -- Installing: /home/ali/Desktop/Ali engineering/GUC/Semester 10/Robotics/Robotics_project/install/mujoco_ros2/local/lib/python3.10/dist-packages/mujoco_ros2-0.0.0-py3.10.egg-info
[13.588s] -- Installing: /home/ali/Desktop/Ali engineering/GUC/Semester 10/Robotics/Robotics_project/install/mujoco_ros2/local/lib/python3.10/dist-packages/mujoco_ros2-0.0.0-py3.10.egg-info/dependency_links.txt
[13.588s] -- Installing: /home/ali/Desktop/Ali engineering/GUC/Semester 10/Robotics/Robotics_project/install/mujoco_ros2/local/lib/python3.10/dist-packages/mujoco_ros2-0.0.0-py3.10.egg-info/top_level.txt
[13.589s] -- Installing: /home/ali/Desktop/Ali engineering/GUC/Semester 10/Robotics/Robotics_project/install/mujoco_ros2/local/lib/python3.10/dist-packages/mujoco_ros2-0.0.0-py3.10.egg-info/SOURCES.txt
[13.589s] -- Installing: /home/ali/Desktop/Ali engineering/GUC/Semester 10/Robotics/Robotics_project/install/mujoco_ros2/local/lib/python3.10/dist-packages/mujoco_ros2-0.0.0-py3.10.egg-info/PKG-INFO
[13.589s] -- Installing: /home/ali/Desktop/Ali engineering/GUC/Semester 10/Robotics/Robotics_project/install/mujoco_ros2/local/lib/python3.10/dist-packages/mujoco_ros2
[13.589s] -- Installing: /home/ali/Desktop/Ali engineering/GUC/Semester 10/Robotics/Robotics_project/install/mujoco_ros2/local/lib/python3.10/dist-packages/mujoco_ros2/trajectory_planner.py
[13.589s] -- Installing: /home/ali/Desktop/Ali engineering/GUC/Semester 10/Robotics/Robotics_project/install/mujoco_ros2/local/lib/python3.10/dist-packages/mujoco_ros2/__init__.py
[13.589s] -- Installing: /home/ali/Desktop/Ali engineering/GUC/Semester 10/Robotics/Robotics_project/install/mujoco_ros2/local/lib/python3.10/dist-packages/mujoco_ros2/fk_ur5e.py
[13.589s] -- Installing: /home/ali/Desktop/Ali engineering/GUC/Semester 10/Robotics/Robotics_project/install/mujoco_ros2/local/lib/python3.10/dist-packages/mujoco_ros2/pid_controller.py
[13.590s] -- Installing: /home/ali/Desktop/Ali engineering/GUC/Semester 10/Robotics/Robotics_project/install/mujoco_ros2/local/lib/python3.10/dist-packages/mujoco_ros2/ik_controller.py
[13.590s] -- Installing: /home/ali/Desktop/Ali engineering/GUC/Semester 10/Robotics/Robotics_project/install/mujoco_ros2/local/lib/python3.10/dist-packages/mujoco_ros2/kinematics_derivations.py
[13.590s] -- Installing: /home/ali/Desktop/Ali engineering/GUC/Semester 10/Robotics/Robotics_project/install/mujoco_ros2/local/lib/python3.10/dist-packages/mujoco_ros2/ik_ur5e.py
[13.590s] -- Installing: /home/ali/Desktop/Ali engineering/GUC/Semester 10/Robotics/Robotics_project/install/mujoco_ros2/local/lib/python3.10/dist-packages/mujoco_ros2/industrial_application.py
[13.644s] Listing '/home/ali/Desktop/Ali engineering/GUC/Semester 10/Robotics/Robotics_project/install/mujoco_ros2/local/lib/python3.10/dist-packages/mujoco_ros2'...
[13.644s] Compiling '/home/ali/Desktop/Ali engineering/GUC/Semester 10/Robotics/Robotics_project/install/mujoco_ros2/local/lib/python3.10/dist-packages/mujoco_ros2/__init__.py'...
[13.644s] Compiling '/home/ali/Desktop/Ali engineering/GUC/Semester 10/Robotics/Robotics_project/install/mujoco_ros2/local/lib/python3.10/dist-packages/mujoco_ros2/fk_ur5e.py'...
[13.644s] Compiling '/home/ali/Desktop/Ali engineering/GUC/Semester 10/Robotics/Robotics_project/install/mujoco_ros2/local/lib/python3.10/dist-packages/mujoco_ros2/ik_controller.py'...
[13.644s] Compiling '/home/ali/Desktop/Ali engineering/GUC/Semester 10/Robotics/Robotics_project/install/mujoco_ros2/local/lib/python3.10/dist-packages/mujoco_ros2/ik_ur5e.py'...
[13.644s] Compiling '/home/ali/Desktop/Ali engineering/GUC/Semester 10/Robotics/Robotics_project/install/mujoco_ros2/local/lib/python3.10/dist-packages/mujoco_ros2/industrial_application.py'...
[13.644s] Compiling '/home/ali/Desktop/Ali engineering/GUC/Semester 10/Robotics/Robotics_project/install/mujoco_ros2/local/lib/python3.10/dist-packages/mujoco_ros2/kinematics_derivations.py'...
[13.644s] Compiling '/home/ali/Desktop/Ali engineering/GUC/Semester 10/Robotics/Robotics_project/install/mujoco_ros2/local/lib/python3.10/dist-packages/mujoco_ros2/pid_controller.py'...
[13.644s] Compiling '/home/ali/Desktop/Ali engineering/GUC/Semester 10/Robotics/Robotics_project/install/mujoco_ros2/local/lib/python3.10/dist-packages/mujoco_ros2/trajectory_planner.py'...
[13.649s] -- Installing: /home/ali/Desktop/Ali engineering/GUC/Semester 10/Robotics/Robotics_project/install/mujoco_ros2/share/ament_index/resource_index/package_run_dependencies/mujoco_ros2
[13.649s] -- Installing: /home/ali/Desktop/Ali engineering/GUC/Semester 10/Robotics/Robotics_project/install/mujoco_ros2/share/ament_index/resource_index/parent_prefix_path/mujoco_ros2
[13.649s] -- Installing: /home/ali/Desktop/Ali engineering/GUC/Semester 10/Robotics/Robotics_project/install/mujoco_ros2/share/mujoco_ros2/environment/ament_prefix_path.sh
[13.650s] -- Installing: /home/ali/Desktop/Ali engineering/GUC/Semester 10/Robotics/Robotics_project/install/mujoco_ros2/share/mujoco_ros2/environment/ament_prefix_path.dsv
[13.650s] -- Installing: /home/ali/Desktop/Ali engineering/GUC/Semester 10/Robotics/Robotics_project/install/mujoco_ros2/share/mujoco_ros2/environment/path.sh
[13.650s] -- Installing: /home/ali/Desktop/Ali engineering/GUC/Semester 10/Robotics/Robotics_project/install/mujoco_ros2/share/mujoco_ros2/environment/path.dsv
[13.650s] -- Installing: /home/ali/Desktop/Ali engineering/GUC/Semester 10/Robotics/Robotics_project/install/mujoco_ros2/share/mujoco_ros2/local_setup.bash
[13.650s] -- Installing: /home/ali/Desktop/Ali engineering/GUC/Semester 10/Robotics/Robotics_project/install/mujoco_ros2/share/mujoco_ros2/local_setup.sh
[13.650s] -- Installing: /home/ali/Desktop/Ali engineering/GUC/Semester 10/Robotics/Robotics_project/install/mujoco_ros2/share/mujoco_ros2/local_setup.zsh
[13.650s] -- Installing: /home/ali/Desktop/Ali engineering/GUC/Semester 10/Robotics/Robotics_project/install/mujoco_ros2/share/mujoco_ros2/local_setup.dsv
[13.650s] -- Installing: /home/ali/Desktop/Ali engineering/GUC/Semester 10/Robotics/Robotics_project/install/mujoco_ros2/share/mujoco_ros2/package.dsv
[13.650s] -- Installing: /home/ali/Desktop/Ali engineering/GUC/Semester 10/Robotics/Robotics_project/install/mujoco_ros2/share/ament_index/resource_index/packages/mujoco_ros2
[13.650s] -- Installing: /home/ali/Desktop/Ali engineering/GUC/Semester 10/Robotics/Robotics_project/install/mujoco_ros2/share/mujoco_ros2/cmake/mujoco_ros2Config.cmake
[13.651s] -- Installing: /home/ali/Desktop/Ali engineering/GUC/Semester 10/Robotics/Robotics_project/install/mujoco_ros2/share/mujoco_ros2/cmake/mujoco_ros2Config-version.cmake
[13.651s] -- Installing: /home/ali/Desktop/Ali engineering/GUC/Semester 10/Robotics/Robotics_project/install/mujoco_ros2/share/mujoco_ros2/package.xml
[13.653s] Invoked command in '/home/ali/Desktop/Ali engineering/GUC/Semester 10/Robotics/Robotics_project/build/mujoco_ros2' returned '0': CMAKE_PREFIX_PATH=${CMAKE_PREFIX_PATH}:/opt/ros/humble /usr/bin/cmake --install /home/ali/Desktop/Ali engineering/GUC/Semester 10/Robotics/Robotics_project/build/mujoco_ros2
