[0.027s] Invoking command in '/home/ali/Desktop/Ali engineering/GUC/Semester 10/Robotics/Robotics_project/build/mujoco_ros2': CMAKE_PREFIX_PATH=/opt/ros/humble /usr/bin/cmake /home/ali/Desktop/Ali engineering/GUC/Semester 10/Robotics/Robotics_project/src/mujoco_ros2 -DCMAKE_INSTALL_PREFIX=/home/ali/Desktop/Ali engineering/GUC/Semester 10/Robotics/Robotics_project/install/mujoco_ros2
[0.521s] -- The C compiler identification is GNU 11.4.0
[0.816s] -- The CXX compiler identification is GNU 11.4.0
[0.857s] -- Detecting C compiler ABI info
[1.180s] -- Detecting C compiler ABI info - done
[1.211s] -- Check for working C compiler: /usr/bin/cc - skipped
[1.217s] -- Detecting C compile features
[1.220s] -- Detecting C compile features - done
[1.237s] -- Detecting CXX compiler ABI info
[1.563s] -- Detecting CXX compiler ABI info - done
[1.579s] -- Check for working CXX compiler: /usr/bin/c++ - skipped
[1.579s] -- Detecting CXX compile features
[1.580s] -- Detecting CXX compile features - done
[1.603s] -- Found ament_cmake: 1.3.12 (/opt/ros/humble/share/ament_cmake/cmake)
[1.976s] -- Found Python3: /usr/bin/python3 (found version "3.10.12") found components: Interpreter 
[2.177s] -- Found rclcpp: 16.0.16 (/opt/ros/humble/share/rclcpp/cmake)
[2.303s] -- Found rosidl_generator_c: 3.1.7 (/opt/ros/humble/share/rosidl_generator_c/cmake)
[2.314s] -- Found rosidl_adapter: 3.1.7 (/opt/ros/humble/share/rosidl_adapter/cmake)
[2.336s] -- Found rosidl_generator_cpp: 3.1.7 (/opt/ros/humble/share/rosidl_generator_cpp/cmake)
[2.374s] -- Using all available rosidl_typesupport_c: rosidl_typesupport_fastrtps_c;rosidl_typesupport_introspection_c
[2.413s] -- Using all available rosidl_typesupport_cpp: rosidl_typesupport_fastrtps_cpp;rosidl_typesupport_introspection_cpp
[2.519s] -- Found rmw_implementation_cmake: 6.1.2 (/opt/ros/humble/share/rmw_implementation_cmake/cmake)
[2.526s] -- Found rmw_fastrtps_cpp: 6.2.9 (/opt/ros/humble/share/rmw_fastrtps_cpp/cmake)
[2.712s] -- Found OpenSSL: /usr/lib/x86_64-linux-gnu/libcrypto.so (found version "3.0.2")  
[2.766s] -- Found FastRTPS: /opt/ros/humble/include  
[2.819s] -- Using RMW implementation 'rmw_fastrtps_cpp' as default
[2.843s] -- Looking for pthread.h
[2.996s] -- Looking for pthread.h - found
[2.997s] -- Performing Test CMAKE_HAVE_LIBC_PTHREAD
[3.117s] -- Performing Test CMAKE_HAVE_LIBC_PTHREAD - Success
[3.118s] -- Found Threads: TRUE  
[3.254s] -- Found sensor_msgs: 4.9.0 (/opt/ros/humble/share/sensor_msgs/cmake)
[3.312s] -- Using MuJoCo from: /usr/local/mujoco-3.2.0
[3.520s] -- Configuring done
[3.551s] -- Generating done
[3.562s] -- Build files have been written to: /home/ali/Desktop/Ali engineering/GUC/Semester 10/Robotics/Robotics_project/build/mujoco_ros2
[3.576s] Invoked command in '/home/ali/Desktop/Ali engineering/GUC/Semester 10/Robotics/Robotics_project/build/mujoco_ros2' returned '0': CMAKE_PREFIX_PATH=/opt/ros/humble /usr/bin/cmake /home/ali/Desktop/Ali engineering/GUC/Semester 10/Robotics/Robotics_project/src/mujoco_ros2 -DCMAKE_INSTALL_PREFIX=/home/ali/Desktop/Ali engineering/GUC/Semester 10/Robotics/Robotics_project/install/mujoco_ros2
[3.579s] Invoking command in '/home/ali/Desktop/Ali engineering/GUC/Semester 10/Robotics/Robotics_project/build/mujoco_ros2': CMAKE_PREFIX_PATH=/opt/ros/humble /usr/bin/cmake --build /home/ali/Desktop/Ali engineering/GUC/Semester 10/Robotics/Robotics_project/build/mujoco_ros2 -- -j12 -l12
[3.669s] [ 33%] [32mBuilding CXX object CMakeFiles/mujoco_node.dir/src/mujoco_ros.cpp.o[0m
[3.669s] [ 66%] [32mBuilding CXX object CMakeFiles/mujoco_node.dir/src/nodes/mujoco_node.cpp.o[0m
[3.684s] [ 66%] Built target ament_cmake_python_copy_mujoco_ros2
[3.987s] running egg_info
[3.988s] creating mujoco_ros2.egg-info
[3.988s] writing mujoco_ros2.egg-info/PKG-INFO
[3.989s] writing dependency_links to mujoco_ros2.egg-info/dependency_links.txt
[3.989s] writing top-level names to mujoco_ros2.egg-info/top_level.txt
[3.989s] writing manifest file 'mujoco_ros2.egg-info/SOURCES.txt'
[3.993s] reading manifest file 'mujoco_ros2.egg-info/SOURCES.txt'
[3.994s] writing manifest file 'mujoco_ros2.egg-info/SOURCES.txt'
[4.032s] [ 66%] Built target ament_cmake_python_build_mujoco_ros2_egg
[14.665s] [100%] [32m[1mLinking CXX executable mujoco_node[0m
[15.450s] [100%] Built target mujoco_node
[15.469s] Invoked command in '/home/ali/Desktop/Ali engineering/GUC/Semester 10/Robotics/Robotics_project/build/mujoco_ros2' returned '0': CMAKE_PREFIX_PATH=/opt/ros/humble /usr/bin/cmake --build /home/ali/Desktop/Ali engineering/GUC/Semester 10/Robotics/Robotics_project/build/mujoco_ros2 -- -j12 -l12
[15.484s] Invoking command in '/home/ali/Desktop/Ali engineering/GUC/Semester 10/Robotics/Robotics_project/build/mujoco_ros2': CMAKE_PREFIX_PATH=/opt/ros/humble /usr/bin/cmake --install /home/ali/Desktop/Ali engineering/GUC/Semester 10/Robotics/Robotics_project/build/mujoco_ros2
[15.496s] -- Install configuration: ""
[15.497s] -- Installing: /home/ali/Desktop/Ali engineering/GUC/Semester 10/Robotics/Robotics_project/install/mujoco_ros2/lib/mujoco_ros2/mujoco_node
[15.502s] -- Set runtime path of "/home/ali/Desktop/Ali engineering/GUC/Semester 10/Robotics/Robotics_project/install/mujoco_ros2/lib/mujoco_ros2/mujoco_node" to ""
[15.502s] -- Installing: /home/ali/Desktop/Ali engineering/GUC/Semester 10/Robotics/Robotics_project/install/mujoco_ros2/share/mujoco_ros2/launch
[15.502s] -- Installing: /home/ali/Desktop/Ali engineering/GUC/Semester 10/Robotics/Robotics_project/install/mujoco_ros2/share/mujoco_ros2/launch/example.py
[15.503s] -- Installing: /home/ali/Desktop/Ali engineering/GUC/Semester 10/Robotics/Robotics_project/install/mujoco_ros2/share/mujoco_ros2/model
[15.503s] -- Installing: /home/ali/Desktop/Ali engineering/GUC/Semester 10/Robotics/Robotics_project/install/mujoco_ros2/share/mujoco_ros2/model/CHANGELOG.md
[15.515s] -- Installing: /home/ali/Desktop/Ali engineering/GUC/Semester 10/Robotics/Robotics_project/install/mujoco_ros2/share/mujoco_ros2/model/two_link_planar.xml
[15.516s] -- Installing: /home/ali/Desktop/Ali engineering/GUC/Semester 10/Robotics/Robotics_project/install/mujoco_ros2/share/mujoco_ros2/model/ur5e.xml
[15.517s] -- Installing: /home/ali/Desktop/Ali engineering/GUC/Semester 10/Robotics/Robotics_project/install/mujoco_ros2/share/mujoco_ros2/model/LICENSE
[15.517s] -- Installing: /home/ali/Desktop/Ali engineering/GUC/Semester 10/Robotics/Robotics_project/install/mujoco_ros2/share/mujoco_ros2/model/scene.xml
[15.518s] -- Installing: /home/ali/Desktop/Ali engineering/GUC/Semester 10/Robotics/Robotics_project/install/mujoco_ros2/share/mujoco_ros2/model/assets
[15.518s] -- Installing: /home/ali/Desktop/Ali engineering/GUC/Semester 10/Robotics/Robotics_project/install/mujoco_ros2/share/mujoco_ros2/model/assets/wrist1_0.obj
[15.520s] -- Installing: /home/ali/Desktop/Ali engineering/GUC/Semester 10/Robotics/Robotics_project/install/mujoco_ros2/share/mujoco_ros2/model/assets/wrist3.obj
[15.522s] -- Installing: /home/ali/Desktop/Ali engineering/GUC/Semester 10/Robotics/Robotics_project/install/mujoco_ros2/share/mujoco_ros2/model/assets/upperarm_0.obj
[15.524s] -- Installing: /home/ali/Desktop/Ali engineering/GUC/Semester 10/Robotics/Robotics_project/install/mujoco_ros2/share/mujoco_ros2/model/assets/shoulder_1.obj
[15.528s] -- Installing: /home/ali/Desktop/Ali engineering/GUC/Semester 10/Robotics/Robotics_project/install/mujoco_ros2/share/mujoco_ros2/model/assets/wrist2_2.obj
[15.536s] -- Installing: /home/ali/Desktop/Ali engineering/GUC/Semester 10/Robotics/Robotics_project/install/mujoco_ros2/share/mujoco_ros2/model/assets/wrist1_1.obj
[15.546s] -- Installing: /home/ali/Desktop/Ali engineering/GUC/Semester 10/Robotics/Robotics_project/install/mujoco_ros2/share/mujoco_ros2/model/assets/base_0.obj
[15.549s] -- Installing: /home/ali/Desktop/Ali engineering/GUC/Semester 10/Robotics/Robotics_project/install/mujoco_ros2/share/mujoco_ros2/model/assets/shoulder_2.obj
[15.558s] -- Installing: /home/ali/Desktop/Ali engineering/GUC/Semester 10/Robotics/Robotics_project/install/mujoco_ros2/share/mujoco_ros2/model/assets/wrist1_2.obj
[15.566s] -- Installing: /home/ali/Desktop/Ali engineering/GUC/Semester 10/Robotics/Robotics_project/install/mujoco_ros2/share/mujoco_ros2/model/assets/shoulder_0.obj
[15.578s] -- Installing: /home/ali/Desktop/Ali engineering/GUC/Semester 10/Robotics/Robotics_project/install/mujoco_ros2/share/mujoco_ros2/model/assets/forearm_1.obj
[15.580s] -- Installing: /home/ali/Desktop/Ali engineering/GUC/Semester 10/Robotics/Robotics_project/install/mujoco_ros2/share/mujoco_ros2/model/assets/forearm_2.obj
[15.585s] -- Installing: /home/ali/Desktop/Ali engineering/GUC/Semester 10/Robotics/Robotics_project/install/mujoco_ros2/share/mujoco_ros2/model/assets/forearm_3.obj
[15.591s] -- Installing: /home/ali/Desktop/Ali engineering/GUC/Semester 10/Robotics/Robotics_project/install/mujoco_ros2/share/mujoco_ros2/model/assets/forearm_0.obj
[15.601s] -- Installing: /home/ali/Desktop/Ali engineering/GUC/Semester 10/Robotics/Robotics_project/install/mujoco_ros2/share/mujoco_ros2/model/assets/wrist2_1.obj
[15.613s] -- Installing: /home/ali/Desktop/Ali engineering/GUC/Semester 10/Robotics/Robotics_project/install/mujoco_ros2/share/mujoco_ros2/model/assets/base_1.obj
[15.617s] -- Installing: /home/ali/Desktop/Ali engineering/GUC/Semester 10/Robotics/Robotics_project/install/mujoco_ros2/share/mujoco_ros2/model/assets/upperarm_3.obj
[15.642s] -- Installing: /home/ali/Desktop/Ali engineering/GUC/Semester 10/Robotics/Robotics_project/install/mujoco_ros2/share/mujoco_ros2/model/assets/upperarm_1.obj
[15.648s] -- Installing: /home/ali/Desktop/Ali engineering/GUC/Semester 10/Robotics/Robotics_project/install/mujoco_ros2/share/mujoco_ros2/model/assets/wrist2_0.obj
[15.653s] -- Installing: /home/ali/Desktop/Ali engineering/GUC/Semester 10/Robotics/Robotics_project/install/mujoco_ros2/share/mujoco_ros2/model/assets/upperarm_2.obj
[15.667s] -- Installing: /home/ali/Desktop/Ali engineering/GUC/Semester 10/Robotics/Robotics_project/install/mujoco_ros2/share/mujoco_ros2/model/ur5e.png
[15.676s] -- Installing: /home/ali/Desktop/Ali engineering/GUC/Semester 10/Robotics/Robotics_project/install/mujoco_ros2/share/mujoco_ros2/model/README.md
[15.677s] -- Installing: /home/ali/Desktop/Ali engineering/GUC/Semester 10/Robotics/Robotics_project/install/mujoco_ros2/share/mujoco_ros2/environment/pythonpath.sh
[15.678s] -- Installing: /home/ali/Desktop/Ali engineering/GUC/Semester 10/Robotics/Robotics_project/install/mujoco_ros2/share/mujoco_ros2/environment/pythonpath.dsv
[15.678s] -- Installing: /home/ali/Desktop/Ali engineering/GUC/Semester 10/Robotics/Robotics_project/install/mujoco_ros2/local/lib/python3.10/dist-packages/mujoco_ros2-0.0.0-py3.10.egg-info
[15.679s] -- Installing: /home/ali/Desktop/Ali engineering/GUC/Semester 10/Robotics/Robotics_project/install/mujoco_ros2/local/lib/python3.10/dist-packages/mujoco_ros2-0.0.0-py3.10.egg-info/dependency_links.txt
[15.679s] -- Installing: /home/ali/Desktop/Ali engineering/GUC/Semester 10/Robotics/Robotics_project/install/mujoco_ros2/local/lib/python3.10/dist-packages/mujoco_ros2-0.0.0-py3.10.egg-info/top_level.txt
[15.679s] -- Installing: /home/ali/Desktop/Ali engineering/GUC/Semester 10/Robotics/Robotics_project/install/mujoco_ros2/local/lib/python3.10/dist-packages/mujoco_ros2-0.0.0-py3.10.egg-info/SOURCES.txt
[15.679s] -- Installing: /home/ali/Desktop/Ali engineering/GUC/Semester 10/Robotics/Robotics_project/install/mujoco_ros2/local/lib/python3.10/dist-packages/mujoco_ros2-0.0.0-py3.10.egg-info/PKG-INFO
[15.679s] -- Installing: /home/ali/Desktop/Ali engineering/GUC/Semester 10/Robotics/Robotics_project/install/mujoco_ros2/local/lib/python3.10/dist-packages/mujoco_ros2
[15.679s] -- Installing: /home/ali/Desktop/Ali engineering/GUC/Semester 10/Robotics/Robotics_project/install/mujoco_ros2/local/lib/python3.10/dist-packages/mujoco_ros2/trajectory_planner.py
[15.680s] -- Installing: /home/ali/Desktop/Ali engineering/GUC/Semester 10/Robotics/Robotics_project/install/mujoco_ros2/local/lib/python3.10/dist-packages/mujoco_ros2/__init__.py
[15.680s] -- Installing: /home/ali/Desktop/Ali engineering/GUC/Semester 10/Robotics/Robotics_project/install/mujoco_ros2/local/lib/python3.10/dist-packages/mujoco_ros2/fk_ur5e.py
[15.680s] -- Installing: /home/ali/Desktop/Ali engineering/GUC/Semester 10/Robotics/Robotics_project/install/mujoco_ros2/local/lib/python3.10/dist-packages/mujoco_ros2/pid_controller.py
[15.680s] -- Installing: /home/ali/Desktop/Ali engineering/GUC/Semester 10/Robotics/Robotics_project/install/mujoco_ros2/local/lib/python3.10/dist-packages/mujoco_ros2/ik_controller.py
[15.680s] -- Installing: /home/ali/Desktop/Ali engineering/GUC/Semester 10/Robotics/Robotics_project/install/mujoco_ros2/local/lib/python3.10/dist-packages/mujoco_ros2/kinematics_derivations.py
[15.680s] -- Installing: /home/ali/Desktop/Ali engineering/GUC/Semester 10/Robotics/Robotics_project/install/mujoco_ros2/local/lib/python3.10/dist-packages/mujoco_ros2/ik_ur5e.py
[15.680s] -- Installing: /home/ali/Desktop/Ali engineering/GUC/Semester 10/Robotics/Robotics_project/install/mujoco_ros2/local/lib/python3.10/dist-packages/mujoco_ros2/industrial_application.py
[15.763s] Listing '/home/ali/Desktop/Ali engineering/GUC/Semester 10/Robotics/Robotics_project/install/mujoco_ros2/local/lib/python3.10/dist-packages/mujoco_ros2'...
[15.763s] Compiling '/home/ali/Desktop/Ali engineering/GUC/Semester 10/Robotics/Robotics_project/install/mujoco_ros2/local/lib/python3.10/dist-packages/mujoco_ros2/__init__.py'...
[15.763s] Compiling '/home/ali/Desktop/Ali engineering/GUC/Semester 10/Robotics/Robotics_project/install/mujoco_ros2/local/lib/python3.10/dist-packages/mujoco_ros2/fk_ur5e.py'...
[15.763s] Compiling '/home/ali/Desktop/Ali engineering/GUC/Semester 10/Robotics/Robotics_project/install/mujoco_ros2/local/lib/python3.10/dist-packages/mujoco_ros2/ik_controller.py'...
[15.763s] Compiling '/home/ali/Desktop/Ali engineering/GUC/Semester 10/Robotics/Robotics_project/install/mujoco_ros2/local/lib/python3.10/dist-packages/mujoco_ros2/ik_ur5e.py'...
[15.763s] Compiling '/home/ali/Desktop/Ali engineering/GUC/Semester 10/Robotics/Robotics_project/install/mujoco_ros2/local/lib/python3.10/dist-packages/mujoco_ros2/industrial_application.py'...
[15.763s] Compiling '/home/ali/Desktop/Ali engineering/GUC/Semester 10/Robotics/Robotics_project/install/mujoco_ros2/local/lib/python3.10/dist-packages/mujoco_ros2/kinematics_derivations.py'...
[15.763s] Compiling '/home/ali/Desktop/Ali engineering/GUC/Semester 10/Robotics/Robotics_project/install/mujoco_ros2/local/lib/python3.10/dist-packages/mujoco_ros2/pid_controller.py'...
[15.764s] Compiling '/home/ali/Desktop/Ali engineering/GUC/Semester 10/Robotics/Robotics_project/install/mujoco_ros2/local/lib/python3.10/dist-packages/mujoco_ros2/trajectory_planner.py'...
[15.769s] -- Installing: /home/ali/Desktop/Ali engineering/GUC/Semester 10/Robotics/Robotics_project/install/mujoco_ros2/share/ament_index/resource_index/package_run_dependencies/mujoco_ros2
[15.769s] -- Installing: /home/ali/Desktop/Ali engineering/GUC/Semester 10/Robotics/Robotics_project/install/mujoco_ros2/share/ament_index/resource_index/parent_prefix_path/mujoco_ros2
[15.770s] -- Installing: /home/ali/Desktop/Ali engineering/GUC/Semester 10/Robotics/Robotics_project/install/mujoco_ros2/share/mujoco_ros2/environment/ament_prefix_path.sh
[15.770s] -- Installing: /home/ali/Desktop/Ali engineering/GUC/Semester 10/Robotics/Robotics_project/install/mujoco_ros2/share/mujoco_ros2/environment/ament_prefix_path.dsv
[15.770s] -- Installing: /home/ali/Desktop/Ali engineering/GUC/Semester 10/Robotics/Robotics_project/install/mujoco_ros2/share/mujoco_ros2/environment/path.sh
[15.771s] -- Installing: /home/ali/Desktop/Ali engineering/GUC/Semester 10/Robotics/Robotics_project/install/mujoco_ros2/share/mujoco_ros2/environment/path.dsv
[15.771s] -- Installing: /home/ali/Desktop/Ali engineering/GUC/Semester 10/Robotics/Robotics_project/install/mujoco_ros2/share/mujoco_ros2/local_setup.bash
[15.771s] -- Installing: /home/ali/Desktop/Ali engineering/GUC/Semester 10/Robotics/Robotics_project/install/mujoco_ros2/share/mujoco_ros2/local_setup.sh
[15.771s] -- Installing: /home/ali/Desktop/Ali engineering/GUC/Semester 10/Robotics/Robotics_project/install/mujoco_ros2/share/mujoco_ros2/local_setup.zsh
[15.771s] -- Installing: /home/ali/Desktop/Ali engineering/GUC/Semester 10/Robotics/Robotics_project/install/mujoco_ros2/share/mujoco_ros2/local_setup.dsv
[15.771s] -- Installing: /home/ali/Desktop/Ali engineering/GUC/Semester 10/Robotics/Robotics_project/install/mujoco_ros2/share/mujoco_ros2/package.dsv
[15.771s] -- Installing: /home/ali/Desktop/Ali engineering/GUC/Semester 10/Robotics/Robotics_project/install/mujoco_ros2/share/ament_index/resource_index/packages/mujoco_ros2
[15.771s] -- Installing: /home/ali/Desktop/Ali engineering/GUC/Semester 10/Robotics/Robotics_project/install/mujoco_ros2/share/mujoco_ros2/cmake/mujoco_ros2Config.cmake
[15.771s] -- Installing: /home/ali/Desktop/Ali engineering/GUC/Semester 10/Robotics/Robotics_project/install/mujoco_ros2/share/mujoco_ros2/cmake/mujoco_ros2Config-version.cmake
[15.772s] -- Installing: /home/ali/Desktop/Ali engineering/GUC/Semester 10/Robotics/Robotics_project/install/mujoco_ros2/share/mujoco_ros2/package.xml
[15.775s] Invoked command in '/home/ali/Desktop/Ali engineering/GUC/Semester 10/Robotics/Robotics_project/build/mujoco_ros2' returned '0': CMAKE_PREFIX_PATH=/opt/ros/humble /usr/bin/cmake --install /home/ali/Desktop/Ali engineering/GUC/Semester 10/Robotics/Robotics_project/build/mujoco_ros2
